// Jest Snapshot v1, https://goo.gl/fbAQLP

exports[`verify App Snapshot loads app correctly 1`] = `
Object {
  "asFragment": [Function],
  "baseElement": <body>
    <div>
      <div
        class="sc-gSAPjG cHUloM"
      >
        <div
          class="sc-hTtwUo gfIMOy"
        >
          <div
            class="sc-cOFTSb eJPxCc"
          >
            <div
              class="sc-kgUAyh UfxGg"
            >
              <img
                alt="logo"
                src="https://ssl.gstatic.com/ui/v1/icons/mail/rfr/logo_gmail_lockup_dark_1x_r2.png"
              />
              <h3>
                Sign in
              </h3>
              <p>
                to continue to Gmail
              </p>
            </div>
            <form
              class="sc-BeQoi izpmLQ"
            >
              <input
                class="sc-jgbSNz jLSsai"
                placeholder="Email"
                required=""
                type="text"
                value=""
              />
              <input
                class="sc-jgbSNz jLSsai"
                placeholder="Password"
                required=""
                type="password"
                value=""
              />
              <button
                type="submit"
              >
                Login
              </button>
            </form>
          </div>
        </div>
      </div>
    </div>
  </body>,
  "container": <div>
    <div
      class="sc-gSAPjG cHUloM"
    >
      <div
        class="sc-hTtwUo gfIMOy"
      >
        <div
          class="sc-cOFTSb eJPxCc"
        >
          <div
            class="sc-kgUAyh UfxGg"
          >
            <img
              alt="logo"
              src="https://ssl.gstatic.com/ui/v1/icons/mail/rfr/logo_gmail_lockup_dark_1x_r2.png"
            />
            <h3>
              Sign in
            </h3>
            <p>
              to continue to Gmail
            </p>
          </div>
          <form
            class="sc-BeQoi izpmLQ"
          >
            <input
              class="sc-jgbSNz jLSsai"
              placeholder="Email"
              required=""
              type="text"
              value=""
            />
            <input
              class="sc-jgbSNz jLSsai"
              placeholder="Password"
              required=""
              type="password"
              value=""
            />
            <button
              type="submit"
            >
              Login
            </button>
          </form>
        </div>
      </div>
    </div>
  </div>,
  "debug": [Function],
  "findAllByAltText": [Function],
  "findAllByDisplayValue": [Function],
  "findAllByLabelText": [Function],
  "findAllByPlaceholderText": [Function],
  "findAllByRole": [Function],
  "findAllByTestId": [Function],
  "findAllByText": [Function],
  "findAllByTitle": [Function],
  "findByAltText": [Function],
  "findByDisplayValue": [Function],
  "findByLabelText": [Function],
  "findByPlaceholderText": [Function],
  "findByRole": [Function],
  "findByTestId": [Function],
  "findByText": [Function],
  "findByTitle": [Function],
  "getAllByAltText": [Function],
  "getAllByDisplayValue": [Function],
  "getAllByLabelText": [Function],
  "getAllByPlaceholderText": [Function],
  "getAllByRole": [Function],
  "getAllByTestId": [Function],
  "getAllByText": [Function],
  "getAllByTitle": [Function],
  "getByAltText": [Function],
  "getByDisplayValue": [Function],
  "getByLabelText": [Function],
  "getByPlaceholderText": [Function],
  "getByRole": [Function],
  "getByTestId": [Function],
  "getByText": [Function],
  "getByTitle": [Function],
  "queryAllByAltText": [Function],
  "queryAllByDisplayValue": [Function],
  "queryAllByLabelText": [Function],
  "queryAllByPlaceholderText": [Function],
  "queryAllByRole": [Function],
  "queryAllByTestId": [Function],
  "queryAllByText": [Function],
  "queryAllByTitle": [Function],
  "queryByAltText": [Function],
  "queryByDisplayValue": [Function],
  "queryByLabelText": [Function],
  "queryByPlaceholderText": [Function],
  "queryByRole": [Function],
  "queryByTestId": [Function],
  "queryByText": [Function],
  "queryByTitle": [Function],
  "rerender": [Function],
  "unmount": [Function],
}
`;
